INFO: GET /booking response: 200 - [{"bookingid":1},{"bookingid":2},{"bookingid":3},{"bookingid":4},{"bookingid":5},{"bookingid":6},{"bookingid":7},{"bookingid":8},{"bookingid":9},{"bookingid":10},{"bookingid":11},{"bookingid":12},{"bookingid":13},{"bookingid":14},{"bookingid":15},{"bookingid":16},{"bookingid":17},{"bookingid":18},{"bookingid":19},{"bookingid":20},{"bookingid":21},{"bookingid":22},{"bookingid":24},{"bookingid":27},{"bookingid":28},{"bookingid":29},{"bookingid":30},{"bookingid":31},{"bookingid":32},{"bookingid":33},{"bookingid":35},{"bookingid":36},{"bookingid":37},{"bookingid":38},{"bookingid":39},{"bookingid":40},{"bookingid":41},{"bookingid":42},{"bookingid":43},{"bookingid":44},{"bookingid":46},{"bookingid":47},{"bookingid":48},{"bookingid":49},{"bookingid":50},{"bookingid":51},{"bookingid":52},{"bookingid":53},{"bookingid":54},{"bookingid":55},{"bookingid":56},{"bookingid":57},{"bookingid":59},{"bookingid":60},{"bookingid":62},{"bookingid":63},{"bookingid":65},{"bookingid":66},{"bookingid":67},{"bookingid":68},{"bookingid":70},{"bookingid":71},{"bookingid":74},{"bookingid":75},{"bookingid":77},{"bookingid":78},{"bookingid":80},{"bookingid":81},{"bookingid":83},{"bookingid":84},{"bookingid":85},{"bookingid":86},{"bookingid":89},{"bookingid":90},{"bookingid":92},{"bookingid":93},{"bookingid":94},{"bookingid":95},{"bookingid":97},{"bookingid":98},{"bookingid":100},{"bookingid":102},{"bookingid":104},{"bookingid":105},{"bookingid":106},{"bookingid":107},{"bookingid":108},{"bookingid":111},{"bookingid":112},{"bookingid":113},{"bookingid":114},{"bookingid":115},{"bookingid":116},{"bookingid":119},{"bookingid":120},{"bookingid":122},{"bookingid":123},{"bookingid":125},{"bookingid":126},{"bookingid":128},{"bookingid":129},{"bookingid":130},{"bookingid":132},{"bookingid":133},{"bookingid":134},{"bookingid":135},{"bookingid":136},{"bookingid":139},{"bookingid":141},{"bookingid":142},{"bookingid":143},{"bookingid":145},{"bookingid":146},{"bookingid":147},{"bookingid":148},{"bookingid":151},{"bookingid":152},{"bookingid":154},{"bookingid":156},{"bookingid":157},{"bookingid":159},{"bookingid":160},{"bookingid":162},{"bookingid":163},{"bookingid":165},{"bookingid":166},{"bookingid":167},{"bookingid":169},{"bookingid":171},{"bookingid":172},{"bookingid":173},{"bookingid":175},{"bookingid":176},{"bookingid":177},{"bookingid":178},{"bookingid":180},{"bookingid":182},{"bookingid":184},{"bookingid":185},{"bookingid":186},{"bookingid":187},{"bookingid":188},{"bookingid":189},{"bookingid":192},{"bookingid":193},{"bookingid":195},{"bookingid":196},{"bookingid":197},{"bookingid":199},{"bookingid":201},{"bookingid":202},{"bookingid":204},{"bookingid":205},{"bookingid":207},{"bookingid":208},{"bookingid":210},{"bookingid":211},{"bookingid":212},{"bookingid":213},{"bookingid":214},{"bookingid":217},{"bookingid":219},{"bookingid":220},{"bookingid":221},{"bookingid":223},{"bookingid":224},{"bookingid":225},{"bookingid":227},{"bookingid":229},{"bookingid":230},{"bookingid":232},{"bookingid":234},{"bookingid":235},{"bookingid":236},{"bookingid":238},{"bookingid":240},{"bookingid":241},{"bookingid":242},{"bookingid":244},{"bookingid":246},{"bookingid":247},{"bookingid":249},{"bookingid":250},{"bookingid":251},{"bookingid":252},{"bookingid":255},{"bookingid":256},{"bookingid":257},{"bookingid":258},{"bookingid":259},{"bookingid":260},{"bookingid":264},{"bookingid":265},{"bookingid":266},{"bookingid":267},{"bookingid":268},{"bookingid":270},{"bookingid":272},{"bookingid":273},{"bookingid":274},{"bookingid":276},{"bookingid":277},{"bookingid":278},{"bookingid":279},{"bookingid":282},{"bookingid":283},{"bookingid":285},{"bookingid":286},{"bookingid":288},{"bookingid":289},{"bookingid":290},{"bookingid":291},{"bookingid":292},{"bookingid":294},{"bookingid":296},{"bookingid":298},{"bookingid":299},{"bookingid":301},{"bookingid":302},{"bookingid":304},{"bookingid":305},{"bookingid":307},{"bookingid":308},{"bookingid":310},{"bookingid":311},{"bookingid":312},{"bookingid":314},{"bookingid":315},{"bookingid":316},{"bookingid":319},{"bookingid":320},{"bookingid":322},{"bookingid":323},{"bookingid":325},{"bookingid":326},{"bookingid":328},{"bookingid":329},{"bookingid":331},{"bookingid":333},{"bookingid":334},{"bookingid":335},{"bookingid":336},{"bookingid":338},{"bookingid":340},{"bookingid":341},{"bookingid":342},{"bookingid":345},{"bookingid":346},{"bookingid":347},{"bookingid":348},{"bookingid":349},{"bookingid":350},{"bookingid":353},{"bookingid":355},{"bookingid":356},{"bookingid":357},{"bookingid":359},{"bookingid":360},{"bookingid":361},{"bookingid":362},{"bookingid":363},{"bookingid":365},{"bookingid":367},{"bookingid":368},{"bookingid":369},{"bookingid":371},{"bookingid":373},{"bookingid":374},{"bookingid":376},{"bookingid":377},{"bookingid":379},{"bookingid":380},{"bookingid":382},{"bookingid":383},{"bookingid":384},{"bookingid":385},{"bookingid":388},{"bookingid":389},{"bookingid":391},{"bookingid":392},{"bookingid":393},{"bookingid":394},{"bookingid":395},{"bookingid":398},{"bookingid":399},{"bookingid":401},{"bookingid":402},{"bookingid":403},{"bookingid":406},{"bookingid":407},{"bookingid":409},{"bookingid":410},{"bookingid":412},{"bookingid":413},{"bookingid":415},{"bookingid":416},{"bookingid":417},{"bookingid":418},{"bookingid":421},{"bookingid":422},{"bookingid":423},{"bookingid":424},{"bookingid":425},{"bookingid":427},{"bookingid":430},{"bookingid":431},{"bookingid":433},{"bookingid":434},{"bookingid":435},{"bookingid":436},{"bookingid":438},{"bookingid":439},{"bookingid":441},{"bookingid":442},{"bookingid":443},{"bookingid":444},{"bookingid":446},{"bookingid":448},{"bookingid":449},{"bookingid":451},{"bookingid":452},{"bookingid":454},{"bookingid":455},{"bookingid":456},{"bookingid":457},{"bookingid":459},{"bookingid":461},{"bookingid":462},{"bookingid":463},{"bookingid":465},{"bookingid":466},{"bookingid":469},{"bookingid":470},{"bookingid":471},{"bookingid":472},{"bookingid":475},{"bookingid":476},{"bookingid":477},{"bookingid":478},{"bookingid":479},{"bookingid":481},{"bookingid":484},{"bookingid":485},{"bookingid":486},{"bookingid":487},{"bookingid":490},{"bookingid":491},{"bookingid":492},{"bookingid":493},{"bookingid":496},{"bookingid":497},{"bookingid":498},{"bookingid":499},{"bookingid":502},{"bookingid":503},{"bookingid":504},{"bookingid":506},{"bookingid":507},{"bookingid":509},{"bookingid":510},{"bookingid":511},{"bookingid":514},{"bookingid":515},{"bookingid":517},{"bookingid":518},{"bookingid":519},{"bookingid":520},{"bookingid":521},{"bookingid":522},{"bookingid":526},{"bookingid":527},{"bookingid":528},{"bookingid":529},{"bookingid":530},{"bookingid":531},{"bookingid":534},{"bookingid":535},{"bookingid":536},{"bookingid":538},{"bookingid":539},{"bookingid":540},{"bookingid":542},{"bookingid":544},{"bookingid":545},{"bookingid":547},{"bookingid":548},{"bookingid":550},{"bookingid":551},{"bookingid":553},{"bookingid":554},{"bookingid":555},{"bookingid":556},{"bookingid":559},{"bookingid":560},{"bookingid":561},{"bookingid":563},{"bookingid":565},{"bookingid":566},{"bookingid":567},{"bookingid":568},{"bookingid":569},{"bookingid":570},{"bookingid":574},{"bookingid":575},{"bookingid":577},{"bookingid":578},{"bookingid":580},{"bookingid":581},{"bookingid":583},{"bookingid":584},{"bookingid":586},{"bookingid":587},{"bookingid":588},{"bookingid":590},{"bookingid":592},{"bookingid":593},{"bookingid":594},{"bookingid":596},{"bookingid":597},{"bookingid":598},{"bookingid":599},{"bookingid":600},{"bookingid":601},{"bookingid":605},{"bookingid":606},{"bookingid":607},{"bookingid":608},{"bookingid":609},{"bookingid":610},{"bookingid":612},{"bookingid":614},{"bookingid":615},{"bookingid":616},{"bookingid":618},{"bookingid":619},{"bookingid":621},{"bookingid":623},{"bookingid":624},{"bookingid":626},{"bookingid":627},{"bookingid":629},{"bookingid":630},{"bookingid":631},{"bookingid":632},{"bookingid":634},{"bookingid":636},{"bookingid":637},{"bookingid":639},{"bookingid":640},{"bookingid":641},{"bookingid":644},{"bookingid":645},{"bookingid":646},{"bookingid":647},{"bookingid":650},{"bookingid":651},{"bookingid":652},{"bookingid":653},{"bookingid":654},{"bookingid":656},{"bookingid":659},{"bookingid":660},{"bookingid":661},{"bookingid":662},{"bookingid":665},{"bookingid":666},{"bookingid":667},{"bookingid":669},{"bookingid":671},{"bookingid":672},{"bookingid":674},{"bookingid":675},{"bookingid":677},{"bookingid":678},{"bookingid":679},{"bookingid":680},{"bookingid":683},{"bookingid":684},{"bookingid":685},{"bookingid":686},{"bookingid":688},{"bookingid":690},{"bookingid":691},{"bookingid":693},{"bookingid":695},{"bookingid":696},{"bookingid":697},{"bookingid":698},{"bookingid":699},{"bookingid":700},{"bookingid":703},{"bookingid":704},{"bookingid":705},{"bookingid":707},{"bookingid":708},{"bookingid":709},{"bookingid":711},{"bookingid":713},{"bookingid":714},{"bookingid":716},{"bookingid":717},{"bookingid":719},{"bookingid":720},{"bookingid":722},{"bookingid":723},{"bookingid":724},{"bookingid":726},{"bookingid":727},{"bookingid":728},{"bookingid":729},{"bookingid":731},{"bookingid":734},{"bookingid":735},{"bookingid":736},{"bookingid":737},{"bookingid":738},{"bookingid":739},{"bookingid":743},{"bookingid":744},{"bookingid":746},{"bookingid":747},{"bookingid":749},{"bookingid":750},{"bookingid":752},{"bookingid":753},{"bookingid":754},{"bookingid":756},{"bookingid":757},{"bookingid":759},{"bookingid":761},{"bookingid":762},{"bookingid":763},{"bookingid":764},{"bookingid":765},{"bookingid":766},{"bookingid":770},{"bookingid":771},{"bookingid":772},{"bookingid":773},{"bookingid":774},{"bookingid":775},{"bookingid":778},{"bookingid":779},{"bookingid":780},{"bookingid":782},{"bookingid":783},{"bookingid":784},{"bookingid":785},{"bookingid":787},{"bookingid":789},{"bookingid":791},{"bookingid":792},{"bookingid":794},{"bookingid":795},{"bookingid":796},{"bookingid":797},{"bookingid":799},{"bookingid":801},{"bookingid":802},{"bookingid":804},{"bookingid":805},{"bookingid":806},{"bookingid":807},{"bookingid":810},{"bookingid":811},{"bookingid":812},{"bookingid":813},{"bookingid":814},{"bookingid":816},{"bookingid":818},{"bookingid":819},{"bookingid":821},{"bookingid":822},{"bookingid":825},{"bookingid":826},{"bookingid":827},{"bookingid":828},{"bookingid":831},{"bookingid":832},{"bookingid":833},{"bookingid":834},{"bookingid":837},{"bookingid":838},{"bookingid":840},{"bookingid":841},{"bookingid":842},{"bookingid":843},{"bookingid":845},{"bookingid":847},{"bookingid":848},{"bookingid":849},{"bookingid":850},{"bookingid":851},{"bookingid":855},{"bookingid":856},{"bookingid":857},{"bookingid":858},{"bookingid":861},{"bookingid":862},{"bookingid":863},{"bookingid":864},{"bookingid":865},{"bookingid":867},{"bookingid":868},{"bookingid":869},{"bookingid":870},{"bookingid":873},{"bookingid":874},{"bookingid":876},{"bookingid":877},{"bookingid":879},{"bookingid":880},{"bookingid":881},{"bookingid":883},{"bookingid":884},{"bookingid":886},{"bookingid":888},{"bookingid":889},{"bookingid":890},{"bookingid":892},{"bookingid":893},{"bookingid":895},{"bookingid":896},{"bookingid":897},{"bookingid":898},{"bookingid":901},{"bookingid":902},{"bookingid":904},{"bookingid":905},{"bookingid":907},{"bookingid":908},{"bookingid":910},{"bookingid":911},{"bookingid":913},{"bookingid":914},{"bookingid":916},{"bookingid":917},{"bookingid":919},{"bookingid":921},{"bookingid":922},{"bookingid":923},{"bookingid":924},{"bookingid":927},{"bookingid":928},{"bookingid":930},{"bookingid":931},{"bookingid":932},{"bookingid":933},{"bookingid":934},{"bookingid":936},{"bookingid":938},{"bookingid":940},{"bookingid":941},{"bookingid":943},{"bookingid":944},{"bookingid":945},{"bookingid":947},{"bookingid":948},{"bookingid":949},{"bookingid":950},{"bookingid":951},{"bookingid":954},{"bookingid":955},{"bookingid":957},{"bookingid":958},{"bookingid":960},{"bookingid":961},{"bookingid":962},{"bookingid":963},{"bookingid":965},{"bookingid":967},{"bookingid":968},{"bookingid":969},{"bookingid":970},{"bookingid":972},{"bookingid":975},{"bookingid":976},{"bookingid":977},{"bookingid":978},{"bookingid":981},{"bookingid":982},{"bookingid":983},{"bookingid":984},{"bookingid":985},{"bookingid":987},{"bookingid":990},{"bookingid":991},{"bookingid":992},{"bookingid":993},{"bookingid":996},{"bookingid":997},{"bookingid":998},{"bookingid":999},{"bookingid":1002},{"bookingid":1003},{"bookingid":1004},{"bookingid":1005},{"bookingid":1008},{"bookingid":1009},{"bookingid":1010},{"bookingid":1012},{"bookingid":1014},{"bookingid":1015},{"bookingid":1016},{"bookingid":1017},{"bookingid":1018},{"bookingid":1020},{"bookingid":1021},{"bookingid":1023},{"bookingid":1025},{"bookingid":1027},{"bookingid":1028},{"bookingid":1029},{"bookingid":1030},{"bookingid":1031},{"bookingid":1033},{"bookingid":1037},{"bookingid":1038},{"bookingid":1039},{"bookingid":1040},{"bookingid":1041},{"bookingid":1042},{"bookingid":1043},{"bookingid":1046},{"bookingid":1047},{"bookingid":1048},{"bookingid":1050},{"bookingid":1051},{"bookingid":1052},{"bookingid":1054},{"bookingid":1056},{"bookingid":1057},{"bookingid":1058},{"bookingid":1060},{"bookingid":1061},{"bookingid":1063},{"bookingid":1064},{"bookingid":1066},{"bookingid":1067},{"bookingid":1068},{"bookingid":1069},{"bookingid":1072},{"bookingid":1073},{"bookingid":1074},{"bookingid":1075},{"bookingid":1078},{"bookingid":1079},{"bookingid":1080},{"bookingid":1081},{"bookingid":1082},{"bookingid":1083},{"bookingid":1087},{"bookingid":1088},{"bookingid":1090},{"bookingid":1091},{"bookingid":1093},{"bookingid":1094},{"bookingid":1096},{"bookingid":1097},{"bookingid":1099},{"bookingid":1100},{"bookingid":1101},{"bookingid":1102},{"bookingid":1105},{"bookingid":1106},{"bookingid":1107},{"bookingid":1108},{"bookingid":1109},{"bookingid":1112},{"bookingid":1114},{"bookingid":1115},{"bookingid":1117},{"bookingid":1118},{"bookingid":1119},{"bookingid":1120},{"bookingid":1121},{"bookingid":1122},{"bookingid":1123},{"bookingid":1126},{"bookingid":1127},{"bookingid":1128},{"bookingid":1130},{"bookingid":1132},{"bookingid":1133},{"bookingid":1135},{"bookingid":1136},{"bookingid":1138},{"bookingid":1139},{"bookingid":1140},{"bookingid":1141},{"bookingid":1143},{"bookingid":1144},{"bookingid":1146},{"bookingid":1148},{"bookingid":1149},{"bookingid":1151},{"bookingid":1153},{"bookingid":1154},{"bookingid":1155},{"bookingid":1157},{"bookingid":1158},{"bookingid":1160},{"bookingid":1161},{"bookingid":1162},{"bookingid":1163},{"bookingid":1166},{"bookingid":1168},{"bookingid":1169},{"bookingid":1170},{"bookingid":1171},{"bookingid":1174},{"bookingid":1175},{"bookingid":1176},{"bookingid":1177},{"bookingid":1180},{"bookingid":1181},{"bookingid":1182},{"bookingid":1183},{"bookingid":1186},{"bookingid":1187},{"bookingid":1189},{"bookingid":1190},{"bookingid":1191},{"bookingid":1192},{"bookingid":1195},{"bookingid":1196},{"bookingid":1198},{"bookingid":1199},{"bookingid":1200},{"bookingid":1201},{"bookingid":1202},{"bookingid":1203},{"bookingid":1207},{"bookingid":1208},{"bookingid":1209},{"bookingid":1210},{"bookingid":1211},{"bookingid":1212},{"bookingid":1213},{"bookingid":1216},{"bookingid":1217},{"bookingid":1219},{"bookingid":1220},{"bookingid":1221},{"bookingid":1223},{"bookingid":1225},{"bookingid":1226},{"bookingid":1228},{"bookingid":1229},{"bookingid":1231},{"bookingid":1232},{"bookingid":1233},{"bookingid":1235},{"bookingid":1236},{"bookingid":1238},{"bookingid":1239},{"bookingid":1240},{"bookingid":1243},{"bookingid":1244},{"bookingid":1245},{"bookingid":1246},{"bookingid":1249},{"bookingid":1250},{"bookingid":1251},{"bookingid":1252},{"bookingid":1253},{"bookingid":1256},{"bookingid":1258},{"bookingid":1259},{"bookingid":1261},{"bookingid":1262},{"bookingid":1264},{"bookingid":1265},{"bookingid":1267},{"bookingid":1268},{"bookingid":1269},{"bookingid":1270},{"bookingid":1273},{"bookingid":1274},{"bookingid":1275},{"bookingid":1276},{"bookingid":1278},{"bookingid":1279},{"bookingid":1280},{"bookingid":1283},{"bookingid":1284},{"bookingid":1286},{"bookingid":1287},{"bookingid":1288},{"bookingid":1289},{"bookingid":1290},{"bookingid":1292},{"bookingid":1294},{"bookingid":1295},{"bookingid":1296},{"bookingid":1298},{"bookingid":1299},{"bookingid":1300},{"bookingid":1302},{"bookingid":1304},{"bookingid":1305},{"bookingid":1307},{"bookingid":1308},{"bookingid":1309},{"bookingid":1311},{"bookingid":1313},{"bookingid":1314},{"bookingid":1315},{"bookingid":1316},{"bookingid":1319},{"bookingid":1320},{"bookingid":1321},{"bookingid":1322},{"bookingid":1325},{"bookingid":1326},{"bookingid":1327},{"bookingid":1328},{"bookingid":1329},{"bookingid":1331},{"bookingid":1334},{"bookingid":1335},{"bookingid":1336},{"bookingid":1337},{"bookingid":1340},{"bookingid":1341},{"bookingid":1342},{"bookingid":1343},{"bookingid":1346},{"bookingid":1347},{"bookingid":1348},{"bookingid":1350},{"bookingid":1352},{"bookingid":1353},{"bookingid":1354},{"bookingid":1355},{"bookingid":1358},{"bookingid":1359},{"bookingid":1360},{"bookingid":1361},{"bookingid":1362},{"bookingid":1364},{"bookingid":1367},{"bookingid":1368},{"bookingid":1370},{"bookingid":1371},{"bookingid":1372},{"bookingid":1373},{"bookingid":1374},{"bookingid":1375},{"bookingid":1377},{"bookingid":1379},{"bookingid":1380},{"bookingid":1381},{"bookingid":1383},{"bookingid":1385},{"bookingid":1386},{"bookingid":1388},{"bookingid":1389},{"bookingid":1391},{"bookingid":1392},{"bookingid":1394},{"bookingid":1395},{"bookingid":1396},{"bookingid":1397},{"bookingid":1398},{"bookingid":1399},{"bookingid":1403},{"bookingid":1404},{"bookingid":1405},{"bookingid":1406},{"bookingid":1409},{"bookingid":1410},{"bookingid":1411},{"bookingid":1412},{"bookingid":1413},{"bookingid":1416},{"bookingid":1418},{"bookingid":1419},{"bookingid":1420},{"bookingid":1421},{"bookingid":1424},{"bookingid":1425},{"bookingid":1426},{"bookingid":1427},{"bookingid":1430},{"bookingid":1431},{"bookingid":1432},{"bookingid":1434},{"bookingid":1436},{"bookingid":1437},{"bookingid":1439},{"bookingid":1440},{"bookingid":1441},{"bookingid":1442},{"bookingid":1445},{"bookingid":1446},{"bookingid":1448},{"bookingid":1449},{"bookingid":1450},{"bookingid":1451},{"bookingid":1453},{"bookingid":1455},{"bookingid":1456},{"bookingid":1458},{"bookingid":1459},{"bookingid":1461},{"bookingid":1462},{"bookingid":1464},{"bookingid":1465},{"bookingid":1466},{"bookingid":1467},{"bookingid":1469},{"bookingid":1470},{"bookingid":1471},{"bookingid":1473},{"bookingid":1474},{"bookingid":1476},{"bookingid":1478},{"bookingid":1479},{"bookingid":1481},{"bookingid":1482},{"bookingid":1484},{"bookingid":1485},{"bookingid":1486},{"bookingid":1487},{"bookingid":1490},{"bookingid":1491},{"bookingid":1492},{"bookingid":1493},{"bookingid":1496},{"bookingid":1497},{"bookingid":1498},{"bookingid":1499},{"bookingid":1500},{"bookingid":1502},{"bookingid":1505},{"bookingid":1506},{"bookingid":1507},{"bookingid":1509},{"bookingid":1511},{"bookingid":1512},{"bookingid":1514},{"bookingid":1515},{"bookingid":1517},{"bookingid":1518},{"bookingid":1520},{"bookingid":1521},{"bookingid":1522},{"bookingid":1523},{"bookingid":1526},{"bookingid":1527},{"bookingid":1528},{"bookingid":1529},{"bookingid":1530},{"bookingid":1533},{"bookingid":1534},{"bookingid":1536},{"bookingid":1538},{"bookingid":1539},{"bookingid":1540},{"bookingid":1541},{"bookingid":1542},{"bookingid":1543},{"bookingid":1544},{"bookingid":1547},{"bookingid":1548},{"bookingid":1549},{"bookingid":1551},{"bookingid":1552},{"bookingid":1554},{"bookingid":1556},{"bookingid":1557},{"bookingid":1559},{"bookingid":1560},{"bookingid":1561},{"bookingid":1563},{"bookingid":1564},{"bookingid":1566},{"bookingid":1567},{"bookingid":1568},{"bookingid":1570},{"bookingid":1571},{"bookingid":1572},{"bookingid":1575},{"bookingid":1577},{"bookingid":1578},{"bookingid":1579},{"bookingid":1581},{"bookingid":1582},{"bookingid":1584},{"bookingid":1585},{"bookingid":1586},{"bookingid":1588},{"bookingid":1590},{"bookingid":1591},{"bookingid":1593},{"bookingid":1594},{"bookingid":1596},{"bookingid":1597},{"bookingid":1599},{"bookingid":1601},{"bookingid":1602},{"bookingid":1603},{"bookingid":1604},{"bookingid":1607},{"bookingid":1608},{"bookingid":1609},{"bookingid":1611},{"bookingid":1613},{"bookingid":1614},{"bookingid":1616},{"bookingid":1617},{"bookingid":1618},{"bookingid":1620},{"bookingid":1621},{"bookingid":1622},{"bookingid":1624},{"bookingid":1625},{"bookingid":1626},{"bookingid":1629},{"bookingid":1630},{"bookingid":1631},{"bookingid":1632},{"bookingid":1634},{"bookingid":1636},{"bookingid":1637},{"bookingid":1638},{"bookingid":1639},{"bookingid":1641},{"bookingid":1642},{"bookingid":1643},{"bookingid":1644},{"bookingid":1647},{"bookingid":1648},{"bookingid":1650},{"bookingid":1651},{"bookingid":1653},{"bookingid":1654},{"bookingid":1655},{"bookingid":1657},{"bookingid":1658},{"bookingid":1660},{"bookingid":1662},{"bookingid":1663},{"bookingid":1664},{"bookingid":1665},{"bookingid":1667},{"bookingid":1669},{"bookingid":1670},{"bookingid":1671},{"bookingid":1672},{"bookingid":1675},{"bookingid":1677},{"bookingid":1678},{"bookingid":1680},{"bookingid":1681},{"bookingid":1683},{"bookingid":1684},{"bookingid":1685},{"bookingid":1687},{"bookingid":1688},{"bookingid":1690},{"bookingid":1692},{"bookingid":1693},{"bookingid":1694},{"bookingid":1695},{"bookingid":1696},{"bookingid":1699},{"bookingid":1701},{"bookingid":1702},{"bookingid":1704},{"bookingid":1705},{"bookingid":1706},{"bookingid":1707},{"bookingid":1708},{"bookingid":1709},{"bookingid":1710},{"bookingid":1713},{"bookingid":1714},{"bookingid":1716},{"bookingid":1717},{"bookingid":1718},{"bookingid":1720},{"bookingid":1722},{"bookingid":1723},{"bookingid":1725},{"bookingid":1726},{"bookingid":1727},{"bookingid":1729},{"bookingid":1730},{"bookingid":1732},{"bookingid":1733},{"bookingid":1734},{"bookingid":1735},{"bookingid":1738},{"bookingid":1739},{"bookingid":1741},{"bookingid":1742},{"bookingid":1744},{"bookingid":1745},{"bookingid":1747},{"bookingid":1748},{"bookingid":1749},{"bookingid":1751},{"bookingid":1752},{"bookingid":1753},{"bookingid":1755},{"bookingid":1757},{"bookingid":1759},{"bookingid":1760},{"bookingid":1762},{"bookingid":1763},{"bookingid":1765},{"bookingid":1767},{"bookingid":1768},{"bookingid":1769},{"bookingid":1770},{"bookingid":1773},{"bookingid":1774},{"bookingid":1775},{"bookingid":1776},{"bookingid":1779},{"bookingid":1780},{"bookingid":1781},{"bookingid":1782},{"bookingid":1785},{"bookingid":1786},{"bookingid":1787},{"bookingid":1789},{"bookingid":1790},{"bookingid":1791},{"bookingid":1792},{"bookingid":1793},{"bookingid":1797},{"bookingid":1798},{"bookingid":1799},{"bookingid":1800},{"bookingid":1801},{"bookingid":1802},{"bookingid":1805},{"bookingid":1806},{"bookingid":1807},{"bookingid":1808},{"bookingid":1810},{"bookingid":1811},{"bookingid":1813},{"bookingid":1815},{"bookingid":1816},{"bookingid":1818},{"bookingid":1819},{"bookingid":1821},{"bookingid":1822},{"bookingid":1823},{"bookingid":1825},{"bookingid":1826},{"bookingid":1828},{"bookingid":1830},{"bookingid":1831},{"bookingid":1832},{"bookingid":1833},{"bookingid":1836},{"bookingid":1837},{"bookingid":1838},{"bookingid":1839},{"bookingid":1840},{"bookingid":1843},{"bookingid":1845},{"bookingid":1846},{"bookingid":1848},{"bookingid":1849},{"bookingid":1851},{"bookingid":1852},{"bookingid":1854},{"bookingid":1855},{"bookingid":1856},{"bookingid":1858},{"bookingid":1860},{"bookingid":1861},{"bookingid":1863},{"bookingid":1864},{"bookingid":1865},{"bookingid":1866},{"bookingid":1867},{"bookingid":1870},{"bookingid":1871},{"bookingid":1873},{"bookingid":1874},{"bookingid":1875},{"bookingid":1876},{"bookingid":1878},{"bookingid":1880},{"bookingid":1881},{"bookingid":1882},{"bookingid":1884},{"bookingid":1885},{"bookingid":1886},{"bookingid":1887},{"bookingid":1890},{"bookingid":1891},{"bookingid":1893},{"bookingid":1894},{"bookingid":1896},{"bookingid":1897},{"bookingid":1899},{"bookingid":1900},{"bookingid":1901},{"bookingid":1903},{"bookingid":1905},{"bookingid":1906},{"bookingid":1907},{"bookingid":1909},{"bookingid":1910},{"bookingid":1912},{"bookingid":1913},{"bookingid":1915},{"bookingid":1916},{"bookingid":1918},{"bookingid":1920},{"bookingid":1921},{"bookingid":1922},{"bookingid":1923},{"bookingid":1926},{"bookingid":1927},{"bookingid":1928},{"bookingid":1929},{"bookingid":1932},{"bookingid":1933},{"bookingid":1934},{"bookingid":1935},{"bookingid":1937},{"bookingid":1939},{"bookingid":1940},{"bookingid":1942},{"bookingid":1944},{"bookingid":1945},{"bookingid":1947},{"bookingid":1948},{"bookingid":1949},{"bookingid":1950},{"bookingid":1952},{"bookingid":1953},{"bookingid":1956},{"bookingid":1957},{"bookingid":1958},{"bookingid":1959},{"bookingid":1960},{"bookingid":1961},{"bookingid":1964},{"bookingid":1965},{"bookingid":1966},{"bookingid":1968},{"bookingid":1969},{"bookingid":1970},{"bookingid":1971},{"bookingid":1974},{"bookingid":1975},{"bookingid":1977},{"bookingid":1978},{"bookingid":1980},{"bookingid":1981},{"bookingid":1982},{"bookingid":1983},{"bookingid":1986},{"bookingid":1987},{"bookingid":1988},{"bookingid":1990},{"bookingid":1992},{"bookingid":1993},{"bookingid":1994},{"bookingid":1996},{"bookingid":1997},{"bookingid":1998},{"bookingid":2000},{"bookingid":2001},{"bookingid":2002},{"bookingid":2005},{"bookingid":2006},{"bookingid":2008},{"bookingid":2009},{"bookingid":2011},{"bookingid":2012},{"bookingid":2014},{"bookingid":2015},{"bookingid":2017},{"bookingid":2018},{"bookingid":2020},{"bookingid":2021},{"bookingid":2023},{"bookingid":2024},{"bookingid":2026},{"bookingid":2027},{"bookingid":2028},{"bookingid":2031},{"bookingid":2032},{"bookingid":2033},{"bookingid":2034},{"bookingid":2035},{"bookingid":2038},{"bookingid":2039},{"bookingid":2041},{"bookingid":2043},{"bookingid":2044},{"bookingid":2045},{"bookingid":2046},{"bookingid":2047},{"bookingid":2048},{"bookingid":2049},{"bookingid":2052},{"bookingid":2053},{"bookingid":2054},{"bookingid":2056},{"bookingid":2058},{"bookingid":2059},{"bookingid":2061},{"bookingid":2062},{"bookingid":2064},{"bookingid":2065},{"bookingid":2066},{"bookingid":2067},{"bookingid":2069},{"bookingid":2070},{"bookingid":2073},{"bookingid":2074},{"bookingid":2075},{"bookingid":2077},{"bookingid":2078},{"bookingid":2080},{"bookingid":2081},{"bookingid":2083},{"bookingid":2084},{"bookingid":2086},{"bookingid":2087},{"bookingid":2088},{"bookingid":2090},{"bookingid":2092},{"bookingid":2093},{"bookingid":2095},{"bookingid":2096},{"bookingid":2098},{"bookingid":2099},{"bookingid":2101},{"bookingid":2102},{"bookingid":2104},{"bookingid":2105},{"bookingid":2107},{"bookingid":2108},{"bookingid":2110},{"bookingid":2111},{"bookingid":2112},{"bookingid":2114},{"bookingid":2115},{"bookingid":2118},{"bookingid":2119},{"bookingid":2121},{"bookingid":2122},{"bookingid":2123},{"bookingid":2124},{"bookingid":2125},{"bookingid":2127},{"bookingid":2130},{"bookingid":2131},{"bookingid":2133},{"bookingid":2134},{"bookingid":2135},{"bookingid":2136},{"bookingid":2137},{"bookingid":2139},{"bookingid":2140},{"bookingid":2142},{"bookingid":2143},{"bookingid":2145},{"bookingid":2146},{"bookingid":2147},{"bookingid":2149},{"bookingid":2151},{"bookingid":2152},{"bookingid":2154},{"bookingid":2155},{"bookingid":2157},{"bookingid":2158},{"bookingid":2159},{"bookingid":2160},{"bookingid":2163},{"bookingid":2164},{"bookingid":2165},{"bookingid":2167},{"bookingid":2168},{"bookingid":2170},{"bookingid":2171},{"bookingid":2173},{"bookingid":2174},{"bookingid":2175},{"bookingid":2177},{"bookingid":2178},{"bookingid":2181},{"bookingid":2182},{"bookingid":2184},{"bookingid":2185},{"bookingid":2187},{"bookingid":2188},{"bookingid":2190},{"bookingid":2191},{"bookingid":2193},{"bookingid":2194},{"bookingid":2195},{"bookingid":2196},{"bookingid":2199},{"bookingid":2200},{"bookingid":2201},{"bookingid":2203},{"bookingid":2204},{"bookingid":2205},{"bookingid":2206},{"bookingid":2208},{"bookingid":2211},{"bookingid":2212},{"bookingid":2213},{"bookingid":2214},{"bookingid":2215},{"bookingid":2216},{"bookingid":2217},{"bookingid":2220},{"bookingid":2221},{"bookingid":2222},{"bookingid":2224},{"bookingid":2225},{"bookingid":2226},{"bookingid":2228},{"bookingid":2230},{"bookingid":2231},{"bookingid":2233},{"bookingid":2234},{"bookingid":2236},{"bookingid":2237},{"bookingid":2238},{"bookingid":2239},{"bookingid":2242},{"bookingid":2243},{"bookingid":2245},{"bookingid":2246},{"bookingid":2247},{"bookingid":2248},{"bookingid":2249},{"bookingid":2252},{"bookingid":2253},{"bookingid":2255},{"bookingid":2256},{"bookingid":2257},{"bookingid":2260},{"bookingid":2261},{"bookingid":2262},{"bookingid":2263},{"bookingid":2266},{"bookingid":2267},{"bookingid":2268},{"bookingid":2269},{"bookingid":2272},{"bookingid":2273},{"bookingid":2274},{"bookingid":2276},{"bookingid":2277},{"bookingid":2279},{"bookingid":2281},{"bookingid":2282},{"bookingid":2283},{"bookingid":2285},{"bookingid":2286},{"bookingid":2287},{"bookingid":2289},{"bookingid":2290},{"bookingid":2293},{"bookingid":2294},{"bookingid":2295},{"bookingid":2296},{"bookingid":2298},{"bookingid":2300},{"bookingid":2301},{"bookingid":2302},{"bookingid":2303},{"bookingid":2305},{"bookingid":2306},{"bookingid":2307},{"bookingid":2308},{"bookingid":2311},{"bookingid":2312},{"bookingid":2314},{"bookingid":2315},{"bookingid":2317},{"bookingid":2318},{"bookingid":2320},{"bookingid":2321},{"bookingid":2322},{"bookingid":2323},{"bookingid":2325},{"bookingid":2327},{"bookingid":2328},{"bookingid":2330},{"bookingid":2332},{"bookingid":2333},{"bookingid":2334},{"bookingid":2335},{"bookingid":2337},{"bookingid":2338},{"bookingid":2340},{"bookingid":2342},{"bookingid":2343},{"bookingid":2345},{"bookingid":2347},{"bookingid":2348},{"bookingid":2349},{"bookingid":2351},{"bookingid":2353},{"bookingid":2354},{"bookingid":2355},{"bookingid":2357},{"bookingid":2359},{"bookingid":2360},{"bookingid":2361},{"bookingid":2362},{"bookingid":2365},{"bookingid":2366},{"bookingid":2367},{"bookingid":2368},{"bookingid":2370},{"bookingid":2371},{"bookingid":2372},{"bookingid":2373},{"bookingid":2375},{"bookingid":2378},{"bookingid":2379},{"bookingid":2380},{"bookingid":2381},{"bookingid":2382},{"bookingid":2383},{"bookingid":2386},{"bookingid":2387},{"bookingid":2388},{"bookingid":2390},{"bookingid":2391},{"bookingid":2392},{"bookingid":2393},{"bookingid":2396},{"bookingid":2397},{"bookingid":2399},{"bookingid":2400},{"bookingid":2402},{"bookingid":2403},{"bookingid":2404},{"bookingid":2406},{"bookingid":2408},{"bookingid":2409},{"bookingid":2411},{"bookingid":2412},{"bookingid":2413},{"bookingid":2415},{"bookingid":2416},{"bookingid":2418},{"bookingid":2419},{"bookingid":2420},{"bookingid":2422},{"bookingid":2424},{"bookingid":2426},{"bookingid":2427},{"bookingid":2428},{"bookingid":2430},{"bookingid":2432},{"bookingid":2433},{"bookingid":2434},{"bookingid":2435},{"bookingid":2438},{"bookingid":2439},{"bookingid":2440},{"bookingid":2441},{"bookingid":2444},{"bookingid":2445},{"bookingid":2446},{"bookingid":2447},{"bookingid":2450},{"bookingid":2451},{"bookingid":2453},{"bookingid":2454},{"bookingid":2455},{"bookingid":2456},{"bookingid":2458},{"bookingid":2459},{"bookingid":2462},{"bookingid":2463},{"bookingid":2464},{"bookingid":2465},{"bookingid":2466},{"bookingid":2469},{"bookingid":2470},{"bookingid":2471},{"bookingid":2472},{"bookingid":2473},{"bookingid":2475},{"bookingid":2476},{"bookingid":2478},{"bookingid":2480},{"bookingid":2481},{"bookingid":2483},{"bookingid":2484},{"bookingid":2485},{"bookingid":2486},{"bookingid":2489},{"bookingid":2490},{"bookingid":2491},{"bookingid":2492},{"bookingid":2493},{"bookingid":2494},{"bookingid":2498},{"bookingid":2499},{"bookingid":2500},{"bookingid":2501},{"bookingid":2504},{"bookingid":2505},{"bookingid":2506},{"bookingid":2507},{"bookingid":2508},{"bookingid":2510},{"bookingid":2513},{"bookingid":2514},{"bookingid":2515},{"bookingid":2516},{"bookingid":2519},{"bookingid":2520},{"bookingid":2521},{"bookingid":2522},{"bookingid":2525},{"bookingid":2526},{"bookingid":2527},{"bookingid":2528},{"bookingid":2531},{"bookingid":2532},{"bookingid":2533},{"bookingid":2534},{"bookingid":2537},{"bookingid":2538},{"bookingid":2539},{"bookingid":2540},{"bookingid":2543},{"bookingid":2544},{"bookingid":2545},{"bookingid":2547},{"bookingid":2548},{"bookingid":2549},{"bookingid":2550},{"bookingid":2552},{"bookingid":2555},{"bookingid":2556},{"bookingid":2557},{"bookingid":2558},{"bookingid":2560},{"bookingid":2561},{"bookingid":2563},{"bookingid":2564},{"bookingid":2565},{"bookingid":2567},{"bookingid":2568},{"bookingid":2569},{"bookingid":2571},{"bookingid":2573},{"bookingid":2574},{"bookingid":2576},{"bookingid":2577},{"bookingid":2579},{"bookingid":2580},{"bookingid":2581},{"bookingid":2583},{"bookingid":2584},{"bookingid":2586},{"bookingid":2587},{"bookingid":2589},{"bookingid":2591},{"bookingid":2592},{"bookingid":2593},{"bookingid":2595},{"bookingid":2596},{"bookingid":2597},{"bookingid":2599},{"bookingid":2600},{"bookingid":2602},{"bookingid":2604},{"bookingid":2606},{"bookingid":2607},{"bookingid":2609},{"bookingid":2610},{"bookingid":2612},{"bookingid":2613},{"bookingid":2615},{"bookingid":2616},{"bookingid":2617},{"bookingid":2618},{"bookingid":2621},{"bookingid":2622},{"bookingid":2624},{"bookingid":2625},{"bookingid":2626},{"bookingid":2627},{"bookingid":2628},{"bookingid":2629},{"bookingid":2630},{"bookingid":2631},{"bookingid":2635},{"bookingid":2636},{"bookingid":2637},{"bookingid":2638},{"bookingid":2639},{"bookingid":2640},{"bookingid":2641},{"bookingid":2644},{"bookingid":2645},{"bookingid":2646},{"bookingid":2648},{"bookingid":2649},{"bookingid":2651},{"bookingid":2653},{"bookingid":2654},{"bookingid":2656},{"bookingid":2657},{"bookingid":2658},{"bookingid":2660},{"bookingid":2662},{"bookingid":2663},{"bookingid":2665},{"bookingid":2666},{"bookingid":2667},{"bookingid":2668},{"bookingid":2670},{"bookingid":2672},{"bookingid":2673},{"bookingid":2674},{"bookingid":2675},{"bookingid":2677},{"bookingid":2680},{"bookingid":2681},{"bookingid":2682},{"bookingid":2683},{"bookingid":2686},{"bookingid":2687},{"bookingid":2688},{"bookingid":2689},{"bookingid":2692},{"bookingid":2693},{"bookingid":2694},{"bookingid":2696},{"bookingid":2698},{"bookingid":2699},{"bookingid":2701},{"bookingid":2702},{"bookingid":2703},{"bookingid":2704},{"bookingid":2707},{"bookingid":2708},{"bookingid":2709},{"bookingid":2710},{"bookingid":2711},{"bookingid":2712},{"bookingid":2716},{"bookingid":2717},{"bookingid":2718},{"bookingid":2719},{"bookingid":2721},{"bookingid":2722},{"bookingid":2723},{"bookingid":2724},{"bookingid":2725},{"bookingid":2728},{"bookingid":2729},{"bookingid":2730},{"bookingid":2732},{"bookingid":2734},{"bookingid":2735},{"bookingid":2737},{"bookingid":2738},{"bookingid":2740},{"bookingid":2741},{"bookingid":2742},{"bookingid":2743},{"bookingid":2745},{"bookingid":2746},{"bookingid":2747},{"bookingid":2750},{"bookingid":2751},{"bookingid":2753},{"bookingid":2755},{"bookingid":2756},{"bookingid":2757},{"bookingid":2759},{"bookingid":2760},{"bookingid":2762},{"bookingid":2763},{"bookingid":2764},{"bookingid":2765},{"bookingid":2767},{"bookingid":2770},{"bookingid":2771},{"bookingid":2772},{"bookingid":2774},{"bookingid":2776},{"bookingid":2777},{"bookingid":2778},{"bookingid":2780},{"bookingid":2782},{"bookingid":2783},{"bookingid":2784},{"bookingid":2785},{"bookingid":2788},{"bookingid":2789},{"bookingid":2790},{"bookingid":2792},{"bookingid":2793},{"bookingid":2795},{"bookingid":2797},{"bookingid":2798},{"bookingid":2799},{"bookingid":2800},{"bookingid":2801},{"bookingid":2803},{"bookingid":2805},{"bookingid":2807},{"bookingid":2808},{"bookingid":2809},{"bookingid":2811},{"bookingid":2812},{"bookingid":2813},{"bookingid":2814},{"bookingid":2815},{"bookingid":2818},{"bookingid":2819},{"bookingid":2820},{"bookingid":2821},{"bookingid":2824},{"bookingid":2825},{"bookingid":2827},{"bookingid":2828},{"bookingid":2830},{"bookingid":2831},{"bookingid":2832},{"bookingid":2834},{"bookingid":2835},{"bookingid":2837},{"bookingid":2839},{"bookingid":2840},{"bookingid":2841},{"bookingid":2842},{"bookingid":2845},{"bookingid":2846},{"bookingid":2847}]
INFO: Total bookings: 2813
INFO: Booking data: {'firstname': 'Jim2', 'lastname': 'Brown2', 'totalprice': 949, 'depositpaid': True, 'bookingdates': {'checkin': '2018-10-28', 'checkout': '2022-10-11'}}
INFO: Status: 404
